// 重构日志: d4b0e463
// 重构日志: b5283116
// 重构日志: 0dda1cdd
// 重构日志: 7d8e252b
// 同步 ID: ca92d32c @ Sat Jul 25 20:28:44 UTC 2026
// 重构日志: e480284e
// 重构日志: a900aaf7
// 重构日志: 116e4f3a
// 重构日志: 48dc9989
// 重构日志: 3f2d0f8f
// 同步 ID: 3da5ac02 @ Sat Aug  1 14:45:07 UTC 2026
// 同步 ID: 038a5d97 @ Sat Aug  1 19:39:17 UTC 2026
// 同步 ID: ccc6d3d3 @ Mon Aug  3 12:00:06 UTC 2026
// 重构日志: 80176534
// 重构日志: d7b6094e
// 重构日志: 8ae45a78
// 重构日志: 6bd0c65d
// 同步 ID: 17a8a6ba @ Wed Aug  5 16:21:53 UTC 2026
// 同步 ID: 0d776753 @ Thu Aug  6 07:14:25 UTC 2026
// 重构日志: b646bdda
// 重构日志: 44db040a
// 同步 ID: 9cdd5e1e @ Fri Aug  7 08:36:14 UTC 2026
// 重构日志: 31d56ddc
// 重构日志: b550b2fd
// 同步 ID: 3eb5311e @ Fri Aug  7 16:18:48 UTC 2026
// 同步 ID: cd299ec5 @ Fri Aug  7 17:38:00 UTC 2026
// 重构日志: 2262ae9c
// 重构日志: 498aca23
// 重构日志: f9a5ca77
// 同步 ID: c2bbd8d8 @ Sat Aug  8 07:26:20 UTC 2026
// 重构日志: 76265b78
